// Jest Snapshot v1, https://goo.gl/fbAQLP

exports[`PasswordField matches snapshot 1`] = `
<div
  className="row"
>
  <div
    className="col-md-9"
  >
    <input
      className="form-control"
      disabled={false}
      name="test"
      onChange={[Function]}
      type="password"
      value="value"
    />
  </div>
  <div
    className="col-md-3"
  >
    <div
      className="custom-control custom-checkbox"
      style={
        Object {
          "marginTop": "10px",
        }
      }
    >
      <input
        checked={false}
        className="custom-control-input"
        disabled={false}
        id="show-password"
        name="show-password"
        onChange={[Function]}
        type="checkbox"
      />
      <label
        className="custom-control-label"
        htmlFor="show-password"
      >
        Show Password
      </label>
    </div>
  </div>
</div>
`;
