// Jest Snapshot v1, https://goo.gl/fbAQLP

exports[`BulkAdd matches snapshot 1`] = `
<div>
  <Button
    className="link-btn"
    color="secondary"
    onClick={[Function]}
    tag="button"
  >
    Bulk Import
  </Button>
  <Modal
    autoFocus={true}
    backdrop={true}
    backdropTransition={
      Object {
        "mountOnEnter": true,
        "timeout": 150,
      }
    }
    centered={false}
    className="bulk-add"
    fade={true}
    isOpen={true}
    keyboard={true}
    modalTransition={
      Object {
        "timeout": 300,
      }
    }
    onClosed={[Function]}
    onOpened={[Function]}
    role="dialog"
    toggle={[Function]}
    zIndex={1050}
  >
    <form
      onSubmit={[Function]}
    >
      <ModalHeader
        closeAriaLabel="Close"
        tag="h5"
        toggle={[Function]}
        wrapTag="div"
      >
        Bulk Import 
        Widgets
      </ModalHeader>
      <ModalBody
        tag="div"
      >
        <h3>
          CSV Columns
        </h3>
        <TagsInput
          addKeys={
            Array [
              9,
              13,
            ]
          }
          addOnBlur={false}
          addOnPaste={false}
          className="react-tagsinput"
          disabled={false}
          focusedClassName="react-tagsinput--focused"
          inputProps={Object {}}
          maxTags={-1}
          onChange={[Function]}
          onlyUnique={false}
          pasteSplit={[Function]}
          preventSubmit={true}
          removeKeys={
            Array [
              8,
            ]
          }
          renderInput={[Function]}
          renderLayout={[Function]}
          renderTag={[Function]}
          tagDisplayProp={null}
          tagProps={
            Object {
              "className": "react-tagsinput-tag",
              "classNameRemove": "react-tagsinput-remove",
            }
          }
          validationRegex={/\\.\\*/}
          value={Array []}
        />
        <div
          style={
            Object {
              "margin": "10px 0",
            }
          }
        >
          <Button
            className="btn-sm"
            color="secondary"
            disabled={false}
            key="column-btn-name"
            onClick={[Function]}
            tag="button"
          >
            name
          </Button>
          <Button
            className="btn-sm"
            color="secondary"
            disabled={false}
            key="column-btn-slug"
            onClick={[Function]}
            tag="button"
          >
            slug
          </Button>
          <Button
            className="btn-sm"
            color="secondary"
            disabled={false}
            key="column-btn-type"
            onClick={[Function]}
            tag="button"
          >
            type
          </Button>
          <Button
            className="btn-sm"
            color="secondary"
            disabled={false}
            key="column-btn-radio"
            onClick={[Function]}
            tag="button"
          >
            radio
          </Button>
          <Button
            className="btn-sm"
            color="secondary"
            disabled={false}
            key="column-btn-photo"
            onClick={[Function]}
            tag="button"
          >
            photo
          </Button>
          <Button
            className="btn-sm"
            color="secondary"
            disabled={false}
            key="column-btn-start_date"
            onClick={[Function]}
            tag="button"
          >
            start_date
          </Button>
          <Button
            className="btn-sm"
            color="secondary"
            disabled={false}
            key="column-btn-checkbox"
            onClick={[Function]}
            tag="button"
          >
            checkbox
          </Button>
          <Button
            className="btn-sm"
            color="secondary"
            disabled={false}
            key="column-btn-example"
            onClick={[Function]}
            tag="button"
          >
            example
          </Button>
          <Button
            className="btn-sm"
            color="secondary"
            disabled={false}
            key="column-btn-tags"
            onClick={[Function]}
            tag="button"
          >
            tags
          </Button>
          <Button
            className="btn-sm"
            color="secondary"
            disabled={false}
            key="column-btn-copy"
            onClick={[Function]}
            tag="button"
          >
            copy
          </Button>
          <Button
            className="btn-sm"
            color="secondary"
            disabled={false}
            key="column-btn-country"
            onClick={[Function]}
            tag="button"
          >
            country
          </Button>
          <Button
            className="btn-sm"
            color="secondary"
            disabled={false}
            key="column-btn-canada"
            onClick={[Function]}
            tag="button"
          >
            canada
          </Button>
        </div>
        <p>
          <small>
            <em>
              Click on column names to add them
            </em>
          </small>
        </p>
        <h3>
          CSV File
        </h3>
        <input
          disabled={false}
          id="csvFile"
          onChange={[Function]}
          type="file"
        />
      </ModalBody>
      <ModalFooter
        tag="div"
      >
        <Button
          color="primary"
          tag="button"
          type="submit"
        >
          Add
        </Button>
         
         
        <Button
          color="secondary"
          disabled={false}
          onClick={[Function]}
          tag="button"
        >
          Cancel
        </Button>
      </ModalFooter>
    </form>
  </Modal>
</div>
`;
